2026-10-08T01:46:03Z INF Thank you for trying Cloudflare Tunnel. Doing so, without a Cloudflare account, is a quick way to experiment and try it out. However, be aware that these account-less Tunnels have no uptime guarantee, are subject to the Cloudflare Online Services Terms of Use (https://www.cloudflare.com/website-terms/), and Cloudflare reserves the right to investigate your use of Tunnels for violations of such terms. If you intend to use Tunnels in production you should use a pre-created named tunnel by following: https://developers.cloudflare.com/cloudflare-one/connections/connect-apps
2026-10-08T01:46:03Z INF Requesting new quick Tunnel on trycloudflare.com...
2026-10-08T01:46:09Z INF +--------------------------------------------------------------------------------------------+
2026-10-08T01:46:09Z INF |  Your quick Tunnel has been created! Visit it at (it may take some time to be reachable):  |
2026-10-08T01:46:09Z INF |  https://requires-temperatures-cms-impaired.trycloudflare.com                              |
2026-10-08T01:46:09Z INF +--------------------------------------------------------------------------------------------+
2026-10-08T01:46:09Z INF Cannot determine default configuration path. No file [config.yml config.yaml] in [~/.cloudflared ~/.cloudflare-warp ~/cloudflare-warp]
2026-10-08T01:46:09Z INF Version 2026.10.0 (Checksum 86aee4017b26625cee8484c113558f48effa4cd47f7aa05fcf425604e5d2b23c)
2026-10-08T01:46:09Z INF GOOS: windows, GOVersion: go1.26.8, GoArch: amd64
2026-10-08T01:46:09Z INF Settings: map[ha-connections:1 p:http2 protocol:http2 url:http://localhost:5000]
2026-10-08T01:46:09Z INF cloudflared will not automatically update on Windows systems.
2026-10-08T01:46:09Z INF Generated Connector ID: 7d53bd53-65b5-4579-ac41-5dfa61cb8f8c
2026-10-08T01:46:09Z INF Initial protocol http2
2026-10-08T01:46:09Z INF ICMP proxy will use 10.30.186.32 as source for IPv4
2026-10-08T01:46:09Z INF ICMP proxy will use 2804:214:a106:2e77:c863:5a92:5369:ef3f in zone Ethernet 3 as source for IPv6
2026-10-08T01:46:09Z INF cloudflared does not support loading the system root certificate pool on Windows. Please use --origin-ca-pool <PATH> to specify the path to the certificate pool
2026-10-08T01:46:09Z INF ICMP proxy will use 10.30.186.32 as source for IPv4
2026-10-08T01:46:09Z INF Tunnel connection curve preferences: [X25519MLKEM768 CurveID(65074) CurveP256] connIndex=0 event=0 ip=2606:4700:a8::6
2026-10-08T01:46:09Z INF ICMP proxy will use 2804:214:a106:2e77:c863:5a92:5369:ef3f in zone Ethernet 3 as source for IPv6
2026-10-08T01:46:09Z INF Starting metrics server on 127.0.0.1:20241/metrics
2026-10-08T01:46:10Z INF +--------------------------------------------------------------------------------------+
2026-10-08T01:46:10Z INF |                               CONNECTIVITY PRE-CHECKS                                |
2026-10-08T01:46:10Z INF +--------------------------------------------------------------------------------------+
2026-10-08T01:46:10Z INF |  COMPONENT         TARGET                     STATUS  DETAILS                        |
2026-10-08T01:46:10Z INF |  DNS Resolution    region1.v2.argotunnel.com  PASS    DNS Resolved successfully      |
2026-10-08T01:46:10Z INF |  DNS Resolution    region2.v2.argotunnel.com  PASS    DNS Resolved successfully      |
2026-10-08T01:46:10Z INF |  UDP Connectivity  region1.v2.argotunnel.com  PASS    QUIC connection successful     |
2026-10-08T01:46:10Z INF |  UDP Connectivity  region2.v2.argotunnel.com  PASS    QUIC connection successful     |
2026-10-08T01:46:10Z INF |  TCP Connectivity  region1.v2.argotunnel.com  PASS    HTTP/2 connection successful   |
2026-10-08T01:46:10Z INF |  TCP Connectivity  region2.v2.argotunnel.com  PASS    HTTP/2 connection successful   |
2026-10-08T01:46:10Z INF |  Cloudflare API    api.cloudflare.com:443     PASS    API is reachable               |
2026-10-08T01:46:10Z INF |                                                                                      |
2026-10-08T01:46:10Z INF |  SUMMARY: Environment is healthy. cloudflared will use 'http2' as primary protocol.  |
2026-10-08T01:46:10Z INF +--------------------------------------------------------------------------------------+
2026-10-08T01:46:10Z INF precheck component="DNS Resolution" details="DNS Resolved successfully" run_id=654bae3c-af34-4743-96a6-650f6ca0e59b status=pass target=region1.v2.argotunnel.com
2026-10-08T01:46:10Z INF precheck component="DNS Resolution" details="DNS Resolved successfully" run_id=654bae3c-af34-4743-96a6-650f6ca0e59b status=pass target=region2.v2.argotunnel.com
2026-10-08T01:46:10Z INF precheck component="UDP Connectivity" details="QUIC connection successful" run_id=654bae3c-af34-4743-96a6-650f6ca0e59b status=pass target=region1.v2.argotunnel.com
2026-10-08T01:46:10Z INF precheck component="UDP Connectivity" details="QUIC connection successful" run_id=654bae3c-af34-4743-96a6-650f6ca0e59b status=pass target=region2.v2.argotunnel.com
2026-10-08T01:46:10Z INF precheck component="TCP Connectivity" details="HTTP/2 connection successful" run_id=654bae3c-af34-4743-96a6-650f6ca0e59b status=pass target=region1.v2.argotunnel.com
2026-10-08T01:46:10Z INF precheck component="TCP Connectivity" details="HTTP/2 connection successful" run_id=654bae3c-af34-4743-96a6-650f6ca0e59b status=pass target=region2.v2.argotunnel.com
2026-10-08T01:46:10Z INF precheck component="Cloudflare API" details="API is reachable" run_id=654bae3c-af34-4743-96a6-650f6ca0e59b status=pass target=api.cloudflare.com:443
2026-10-08T01:46:10Z INF precheck complete hard_fail=false run_id=654bae3c-af34-4743-96a6-650f6ca0e59b suggested_protocol=http2
2026-10-08T01:46:10Z INF Registered tunnel connection connIndex=0 connection=c30e3360-076f-4371-947f-66a5e12a8dd8 event=0 ip=2606:4700:a8::6 location=gru21 protocol=http2
